
> kickoff@0.1.0 pretest:e2e
> npm run build:shared && npm run test:cleanup-ports


> kickoff@0.1.0 build:shared
> npm run build --workspace=shared


> @kickoff/shared@0.1.0 build
> tsc


> kickoff@0.1.0 test:cleanup-ports
> lsof -ti:5174 -ti:3001 2>/dev/null | xargs kill -9 2>/dev/null || true


> kickoff@0.1.0 test:e2e
> playwright test tests/responsive-ui-navigation.spec.ts --workers=1

[2m[WebServer] [22m
[2m[WebServer] [22m> kickoff@0.1.0 dev:server:test
[2m[WebServer] [22m> cd server && PORT=3001 npm run dev
[2m[WebServer] [22m
[2m[WebServer] [22m
[2m[WebServer] [22m> @kickoff/server@0.1.0 dev
[2m[WebServer] [22m> tsx watch src/index.ts
[2m[WebServer] [22m
[2m[WebServer] [22mDEPRECATION WARNING: 'pingInterval', 'pingMaxRetries', 'server', and 'verifyClient' Server options will be permanently moved to WebSocketTransport on v0.15
[2m[WebServer] [22mnew Server({
[2m[WebServer] [22m  transport: new WebSocketTransport({
[2m[WebServer] [22m    pingInterval: ...,
[2m[WebServer] [22m    pingMaxRetries: ...,
[2m[WebServer] [22m    server: ...,
[2m[WebServer] [22m    verifyClient: ...
[2m[WebServer] [22m  })
[2m[WebServer] [22m})
[2m[WebServer] [22m👉 Documentation: https://docs.colyseus.io/server/transport/
[2m[WebServer] [22m🚀 Kickoff Server listening on http://[::]:3001
[2m[WebServer] [22m📊 Colyseus Monitor: http://[::]:3001/colyseus
[2m[WebServer] [22m
[2m[WebServer] [22m       ___      _
[2m[WebServer] [22m      / __\___ | |_   _ ___  ___ _   _ ___
[2m[WebServer] [22m     / /  / _ \| | | | / __|/ _ \ | | / __|
[2m[WebServer] [22m    / /__| (_) | | |_| \__ \  __/ |_| \__ \
[2m[WebServer] [22m    \____/\___/|_|\__, |___/\___|\__,_|___/
[2m[WebServer] [22m                  |___/
[2m[WebServer] [22m
[2m[WebServer] [22m     · Multiplayer Framework for Node.js ·
[2m[WebServer] [22m
[2m[WebServer] [22m💖 Consider becoming a Sponsor on GitHub → https://github.com/sponsors/endel
[2m[WebServer] [22m🌟 Give us a star on GitHub → https://github.com/colyseus/colyseus
[2m[WebServer] [22m☁️  Deploy and scale your project on Colyseus Cloud → https://cloud.colyseus.io
[2m[WebServer] [22m
[2m[WebServer] [22m
[2m[WebServer] [22m
[2m[WebServer] [22m> kickoff@0.1.0 dev:client:test
[2m[WebServer] [22m> cd client && VITE_PORT=5174 VITE_SERVER_PORT=3001 npm run dev
[2m[WebServer] [22m
[2m[WebServer] [22m
[2m[WebServer] [22m> @kickoff/client@0.1.0 dev
[2m[WebServer] [22m> vite
[2m[WebServer] [22m
[2m[WebServer] [22m
[2m[WebServer] [22m  [32m[1mVITE[22m v5.4.21[39m  [2mready in [0m[1m115[22m[2m[0m ms[22m
[2m[WebServer] [22m
[2m[WebServer] [22m  [32m➜[39m  [1mLocal[22m:   [36mhttp://localhost:[1m5174[22m/[39m
[2m[WebServer] [22m  [32m➜[39m  [1mNetwork[22m: [36mhttp://192.168.1.178:[1m5174[22m/[39m
🕐 Global Setup: Configuring synchronized time acceleration
⚡ Time scale: 10x on both client and server
🔄 Tests run in parallel with isolated rooms
📊 Expected test duration: ~3 minutes with 8 workers

Running 23 tests using 1 worker

✅ Desktop menu loaded successfully
  ✓   1 [chromium] › tests/responsive-ui-navigation.spec.ts:76:9 › Responsive UI and Navigation › Responsive MenuScene › menu loads and displays correctly on desktop (961ms)
✅ Mobile portrait layout working
  ✓   2 [chromium] › tests/responsive-ui-navigation.spec.ts:93:9 › Responsive UI and Navigation › Responsive MenuScene › menu adapts to mobile portrait orientation (438ms)
✅ Mobile landscape layout working
  ✓   3 [chromium] › tests/responsive-ui-navigation.spec.ts:113:9 › Responsive UI and Navigation › Responsive MenuScene › menu adapts to mobile landscape orientation (412ms)
✅ Resize handling working
  ✓   4 [chromium] › tests/responsive-ui-navigation.spec.ts:128:9 › Responsive UI and Navigation › Responsive MenuScene › menu responds to viewport resize (1.6s)
[BROWSER] [SceneRouter] Initializing router
[BROWSER] [SceneRouter] Initial route check: raw="", hash="/menu", normalized="/menu"
[BROWSER] [SceneRouter] Redirecting invalid/empty route: "/menu" -> "/menu"
[BROWSER] [SceneRouter] Calling window.location.replace('#/menu')
[BROWSER] [SceneRouter] Popstate: /menu -> /menu
[BROWSER] [SceneRouter] Navigating: null -> /menu (MenuScene)
[BROWSER] [SceneRouter] No active scenes, starting MenuScene immediately
[BROWSER] [SceneRouter] Post-replace hash: "#/menu"
[BROWSER] [SceneRouter] Already on /menu, skipping navigation
[BROWSER] [SceneRouter] Hash changed: /menu -> /menu
[BROWSER] [SceneRouter] Already on /menu, skipping navigation
[BROWSER] [SceneRouter] Initializing router
[BROWSER] [SceneRouter] Initial route check: raw="", hash="/menu", normalized="/menu"
[BROWSER] [SceneRouter] Redirecting invalid/empty route: "/menu" -> "/menu"
[BROWSER] [SceneRouter] Calling window.location.replace('#/menu')
[BROWSER] [SceneRouter] Popstate: /menu -> /menu
[BROWSER] [SceneRouter] Navigating: null -> /menu (MenuScene)
[BROWSER] [SceneRouter] No active scenes, starting MenuScene immediately
[BROWSER] [SceneRouter] Post-replace hash: "#/menu"
[BROWSER] [SceneRouter] Already on /menu, skipping navigation
[BROWSER] [SceneRouter] Hash changed: /menu -> /menu
[BROWSER] [SceneRouter] Already on /menu, skipping navigation
✅ Default route is #/menu
  ✓   5 [chromium] › tests/responsive-ui-navigation.spec.ts:159:9 › Responsive UI and Navigation › URL Routing › menu starts at #/menu by default (1.4s)
[BROWSER] [SceneRouter] Initializing router
[BROWSER] [SceneRouter] Initial route check: raw="", hash="/menu", normalized="/menu"
[BROWSER] [SceneRouter] Redirecting invalid/empty route: "/menu" -> "/menu"
[BROWSER] [SceneRouter] Calling window.location.replace('#/menu')
[BROWSER] [SceneRouter] Popstate: /menu -> /menu
[BROWSER] [SceneRouter] Navigating: null -> /menu (MenuScene)
[BROWSER] [SceneRouter] No active scenes, starting MenuScene immediately
[BROWSER] [SceneRouter] Post-replace hash: "#/menu"
[BROWSER] [SceneRouter] Already on /menu, skipping navigation
[BROWSER] [SceneRouter] Hash changed: /menu -> /menu
[BROWSER] [SceneRouter] Already on /menu, skipping navigation
[BROWSER] [SceneRouter] navigateTo(SinglePlayerScene) -> /singleplayer
[BROWSER] [SceneRouter] Navigating: /menu -> /singleplayer (SinglePlayerScene)
[BROWSER] [SceneRouter] Stopping scene: MenuScene
[BROWSER] [SceneRouter] Hash changed: /singleplayer -> /singleplayer
[BROWSER] [SceneRouter] Already on /singleplayer, skipping navigation
[BROWSER] [SceneRouter] Starting scene for first time: SinglePlayerScene
✅ Single Player navigation updates URL
  ✓   6 [chromium] › tests/responsive-ui-navigation.spec.ts:192:9 › Responsive UI and Navigation › URL Routing › clicking Single Player updates URL to #/singleplayer (1.1s)
[BROWSER] [SceneRouter] Initializing router
[BROWSER] [SceneRouter] Initial route check: raw="", hash="/menu", normalized="/menu"
[BROWSER] [SceneRouter] Redirecting invalid/empty route: "/menu" -> "/menu"
[BROWSER] [SceneRouter] Calling window.location.replace('#/menu')
[BROWSER] [SceneRouter] Popstate: /menu -> /menu
[BROWSER] [SceneRouter] Navigating: null -> /menu (MenuScene)
[BROWSER] [SceneRouter] No active scenes, starting MenuScene immediately
[BROWSER] [SceneRouter] Post-replace hash: "#/menu"
[BROWSER] [SceneRouter] Already on /menu, skipping navigation
[BROWSER] [SceneRouter] Hash changed: /menu -> /menu
[BROWSER] [SceneRouter] Already on /menu, skipping navigation
[BROWSER] [SceneRouter] Initializing router
[BROWSER] [SceneRouter] Initial route check: raw="", hash="/menu", normalized="/menu"
[BROWSER] [SceneRouter] Redirecting invalid/empty route: "/menu" -> "/menu"
[BROWSER] [SceneRouter] Calling window.location.replace('#/menu')
[BROWSER] [SceneRouter] Popstate: /menu -> /menu
[BROWSER] [SceneRouter] Navigating: null -> /menu (MenuScene)
[BROWSER] [SceneRouter] No active scenes, starting MenuScene immediately
[BROWSER] [SceneRouter] Post-replace hash: "#/menu"
[BROWSER] [SceneRouter] Already on /menu, skipping navigation
[BROWSER] [SceneRouter] Hash changed: /menu -> /menu
[BROWSER] [SceneRouter] Already on /menu, skipping navigation
[BROWSER] [SceneRouter] navigateTo(AIOnlyScene) -> /ai-only
[BROWSER] [SceneRouter] Navigating: /menu -> /ai-only (AIOnlyScene)
[BROWSER] [SceneRouter] Stopping scene: MenuScene
[BROWSER] [SceneRouter] Hash changed: /ai-only -> /ai-only
[BROWSER] [SceneRouter] Already on /ai-only, skipping navigation
[BROWSER] [SceneRouter] Starting scene for first time: AIOnlyScene
✅ AI-Only navigation updates URL
  ✓   7 [chromium] › tests/responsive-ui-navigation.spec.ts:206:9 › Responsive UI and Navigation › URL Routing › clicking AI-Only updates URL to #/ai-only (1.5s)
[BROWSER] [SceneRouter] Initializing router
[BROWSER] [SceneRouter] Initial route check: raw="", hash="/menu", normalized="/menu"
[BROWSER] [SceneRouter] Redirecting invalid/empty route: "/menu" -> "/menu"
[BROWSER] [SceneRouter] Calling window.location.replace('#/menu')
[BROWSER] [SceneRouter] Popstate: /menu -> /menu
[BROWSER] [SceneRouter] Navigating: null -> /menu (MenuScene)
[BROWSER] [SceneRouter] No active scenes, starting MenuScene immediately
[BROWSER] [SceneRouter] Post-replace hash: "#/menu"
[BROWSER] [SceneRouter] Already on /menu, skipping navigation
[BROWSER] [SceneRouter] Hash changed: /menu -> /menu
[BROWSER] [SceneRouter] Already on /menu, skipping navigation
[BROWSER] [SceneRouter] Popstate: /singleplayer -> /singleplayer
[BROWSER] [SceneRouter] Navigating: /menu -> /singleplayer (SinglePlayerScene)
[BROWSER] [SceneRouter] Stopping scene: MenuScene
[BROWSER] [SceneRouter] Hash changed: /singleplayer -> /singleplayer
[BROWSER] [SceneRouter] Already on /singleplayer, skipping navigation
[BROWSER] [SceneRouter] Starting scene for first time: SinglePlayerScene
✅ Direct URL navigation working
  ✓   8 [chromium] › tests/responsive-ui-navigation.spec.ts:223:9 › Responsive UI and Navigation › URL Routing › direct navigation to #/singleplayer works (1.5s)
[BROWSER] [SceneRouter] Initializing router
[BROWSER] [SceneRouter] Initial route check: raw="", hash="/menu", normalized="/menu"
[BROWSER] [SceneRouter] Redirecting invalid/empty route: "/menu" -> "/menu"
[BROWSER] [SceneRouter] Calling window.location.replace('#/menu')
[BROWSER] [SceneRouter] Popstate: /menu -> /menu
[BROWSER] [SceneRouter] Navigating: null -> /menu (MenuScene)
[BROWSER] [SceneRouter] No active scenes, starting MenuScene immediately
[BROWSER] [SceneRouter] Post-replace hash: "#/menu"
[BROWSER] [SceneRouter] Already on /menu, skipping navigation
[BROWSER] [SceneRouter] Hash changed: /menu -> /menu
[BROWSER] [SceneRouter] Already on /menu, skipping navigation
[BROWSER] [SceneRouter] Invalid path: /invalid-route, defaulting to /menu
[BROWSER] [SceneRouter] Popstate: /invalid-route -> /menu
[BROWSER] [SceneRouter] Already on /menu, skipping navigation
[BROWSER] [SceneRouter] Invalid path: /invalid-route, defaulting to /menu
[BROWSER] [SceneRouter] Hash changed: /invalid-route -> /menu
[BROWSER] [SceneRouter] Already on /menu, skipping navigation
--- BROWSER ROUTER LOGS ---
[SceneRouter] Initializing router
[SceneRouter] Initial route check: raw="", hash="/menu", normalized="/menu"
[SceneRouter] Redirecting invalid/empty route: "/menu" -> "/menu"
[SceneRouter] Calling window.location.replace('#/menu')
[SceneRouter] Popstate: /menu -> /menu
[SceneRouter] Navigating: null -> /menu (MenuScene)
[SceneRouter] No active scenes, starting MenuScene immediately
[SceneRouter] Post-replace hash: "#/menu"
[SceneRouter] Already on /menu, skipping navigation
[SceneRouter] Hash changed: /menu -> /menu
[SceneRouter] Already on /menu, skipping navigation
[SceneRouter] Popstate: /invalid-route -> /menu
[SceneRouter] Already on /menu, skipping navigation
[SceneRouter] Hash changed: /invalid-route -> /menu
[SceneRouter] Already on /menu, skipping navigation
---------------------------
  ✘   9 [chromium] › tests/responsive-ui-navigation.spec.ts:239:9 › Responsive UI and Navigation › URL Routing › invalid URL redirects to menu (2.6s)
[BROWSER] [SceneRouter] Initializing router
[BROWSER] [SceneRouter] Initial route check: raw="", hash="/menu", normalized="/menu"
[BROWSER] [SceneRouter] Redirecting invalid/empty route: "/menu" -> "/menu"
[BROWSER] [SceneRouter] Calling window.location.replace('#/menu')
[BROWSER] [SceneRouter] Popstate: /menu -> /menu
[BROWSER] [SceneRouter] Navigating: null -> /menu (MenuScene)
[BROWSER] [SceneRouter] No active scenes, starting MenuScene immediately
[BROWSER] [SceneRouter] Post-replace hash: "#/menu"
[BROWSER] [SceneRouter] Already on /menu, skipping navigation
[BROWSER] [SceneRouter] Hash changed: /menu -> /menu
[BROWSER] [SceneRouter] Already on /menu, skipping navigation
[BROWSER] [SceneRouter] Invalid path: /invalid-route, defaulting to /menu
[BROWSER] [SceneRouter] Popstate: /invalid-route -> /menu
[BROWSER] [SceneRouter] Already on /menu, skipping navigation
[BROWSER] [SceneRouter] Invalid path: /invalid-route, defaulting to /menu
[BROWSER] [SceneRouter] Hash changed: /invalid-route -> /menu
[BROWSER] [SceneRouter] Already on /menu, skipping navigation
--- BROWSER ROUTER LOGS ---
[SceneRouter] Initializing router
[SceneRouter] Initial route check: raw="", hash="/menu", normalized="/menu"
[SceneRouter] Redirecting invalid/empty route: "/menu" -> "/menu"
[SceneRouter] Calling window.location.replace('#/menu')
[SceneRouter] Popstate: /menu -> /menu
[SceneRouter] Navigating: null -> /menu (MenuScene)
[SceneRouter] No active scenes, starting MenuScene immediately
[SceneRouter] Post-replace hash: "#/menu"
[SceneRouter] Already on /menu, skipping navigation
[SceneRouter] Hash changed: /menu -> /menu
[SceneRouter] Already on /menu, skipping navigation
[SceneRouter] Popstate: /invalid-route -> /menu
[SceneRouter] Already on /menu, skipping navigation
[SceneRouter] Hash changed: /invalid-route -> /menu
[SceneRouter] Already on /menu, skipping navigation
---------------------------
  ✘  10 [chromium] › tests/responsive-ui-navigation.spec.ts:239:9 › Responsive UI and Navigation › URL Routing › invalid URL redirects to menu (retry #1) (2.9s)
✅ Back button visible in SinglePlayerScene
  ✓  11 [chromium] › tests/responsive-ui-navigation.spec.ts:271:9 › Responsive UI and Navigation › Back Button Navigation › back button appears in SinglePlayerScene (1.7s)
✅ Back button visible in AIOnlyScene
  ✓  12 [chromium] › tests/responsive-ui-navigation.spec.ts:289:9 › Responsive UI and Navigation › Back Button Navigation › back button appears in AIOnlyScene (1.6s)
✅ Back button returns to menu
  ✓  13 [chromium] › tests/responsive-ui-navigation.spec.ts:307:9 › Responsive UI and Navigation › Back Button Navigation › clicking back button returns to menu (2.0s)
✅ Back button updates URL
  ✓  14 [chromium] › tests/responsive-ui-navigation.spec.ts:326:9 › Responsive UI and Navigation › Back Button Navigation › back button updates URL correctly (1.9s)
✅ Browser back button working
  ✓  15 [chromium] › tests/responsive-ui-navigation.spec.ts:343:9 › Responsive UI and Navigation › Back Button Navigation › browser back button navigates correctly (3.0s)
✅ Browser forward button working
  ✓  16 [chromium] › tests/responsive-ui-navigation.spec.ts:364:9 › Responsive UI and Navigation › Back Button Navigation › browser forward button navigates correctly (3.8s)
✅ Back button works after resize
  ✓  17 [chromium] › tests/responsive-ui-navigation.spec.ts:390:9 › Responsive UI and Navigation › Back Button Navigation › back button works after viewport resize (2.6s)
✅ Back button not blocked by joystick
  ✓  18 [chromium] › tests/responsive-ui-navigation.spec.ts:417:9 › Responsive UI and Navigation › Back Button Navigation › back button clicks do not activate joystick (mobile) (1.9s)
✅ Touch events in top-left corner work for back button
  ✓  19 [chromium] › tests/responsive-ui-navigation.spec.ts:442:9 › Responsive UI and Navigation › Back Button Navigation › back button touch events work correctly in top-left corner (1.8s)
✅ No scene overlap when navigating menu to game
  ✓  20 [chromium] › tests/responsive-ui-navigation.spec.ts:466:9 › Responsive UI and Navigation › Scene Overlap Prevention › only one scene active at a time - menu to game (1.6s)
✅ No scene overlap when navigating game to menu
  ✓  21 [chromium] › tests/responsive-ui-navigation.spec.ts:486:9 › Responsive UI and Navigation › Scene Overlap Prevention › only one scene active at a time - game to menu (1.9s)
✅ Rapid transitions handle correctly without overlap
  ✓  22 [chromium] › tests/responsive-ui-navigation.spec.ts:511:9 › Responsive UI and Navigation › Scene Overlap Prevention › rapid scene transitions handle correctly (1.7s)
✅ Browser navigation does not cause scene overlap
  ✓  23 [chromium] › tests/responsive-ui-navigation.spec.ts:532:9 › Responsive UI and Navigation › Scene Overlap Prevention › browser back/forward does not cause scene overlap (3.6s)
✅ Complete navigation flow working
  ✓  24 [chromium] › tests/responsive-ui-navigation.spec.ts:560:9 › Responsive UI and Navigation › Integration Tests › complete navigation flow (4.4s)
✅ Global teardown complete
🧹 Cleaning up test artifacts...


  1) [chromium] › tests/responsive-ui-navigation.spec.ts:239:9 › Responsive UI and Navigation › URL Routing › invalid URL redirects to menu 

    Error: [2mexpect([22m[31mreceived[39m[2m).[22mtoBe[2m([22m[32mexpected[39m[2m) // Object.is equality[22m

    Expected: [32m"#/[7mmenu[27m"[39m
    Received: [31m"#/[7minvalid-route[27m"[39m

      261 |       logToFile(`Check URL: hash=${hash}, url=${url}`)
      262 |
    > 263 |       expect(hash).toBe('#/menu')
          |                    ^
      264 |
      265 |       console.log('✅ Invalid route redirects to menu')
      266 |     })
        at /Users/tim/Projects/Socca2/tests/responsive-ui-navigation.spec.ts:263:20

    attachment #1: screenshot (image/png) ──────────────────────────────────────────────────────────
    test-results/responsive-ui-navigation-R-c1bf9-valid-URL-redirects-to-menu-chromium/test-failed-1.png
    ────────────────────────────────────────────────────────────────────────────────────────────────

    attachment #2: video (video/webm) ──────────────────────────────────────────────────────────────
    test-results/responsive-ui-navigation-R-c1bf9-valid-URL-redirects-to-menu-chromium/video.webm
    ────────────────────────────────────────────────────────────────────────────────────────────────

    Retry #1 ───────────────────────────────────────────────────────────────────────────────────────

    Error: [2mexpect([22m[31mreceived[39m[2m).[22mtoBe[2m([22m[32mexpected[39m[2m) // Object.is equality[22m

    Expected: [32m"#/[7mmenu[27m"[39m
    Received: [31m"#/[7minvalid-route[27m"[39m

      261 |       logToFile(`Check URL: hash=${hash}, url=${url}`)
      262 |
    > 263 |       expect(hash).toBe('#/menu')
          |                    ^
      264 |
      265 |       console.log('✅ Invalid route redirects to menu')
      266 |     })
        at /Users/tim/Projects/Socca2/tests/responsive-ui-navigation.spec.ts:263:20

    attachment #1: screenshot (image/png) ──────────────────────────────────────────────────────────
    test-results/responsive-ui-navigation-R-c1bf9-valid-URL-redirects-to-menu-chromium-retry1/test-failed-1.png
    ────────────────────────────────────────────────────────────────────────────────────────────────

    attachment #2: video (video/webm) ──────────────────────────────────────────────────────────────
    test-results/responsive-ui-navigation-R-c1bf9-valid-URL-redirects-to-menu-chromium-retry1/video.webm
    ────────────────────────────────────────────────────────────────────────────────────────────────

    attachment #3: trace (application/zip) ─────────────────────────────────────────────────────────
    test-results/responsive-ui-navigation-R-c1bf9-valid-URL-redirects-to-menu-chromium-retry1/trace.zip
    Usage:

        npx playwright show-trace test-results/responsive-ui-navigation-R-c1bf9-valid-URL-redirects-to-menu-chromium-retry1/trace.zip

    ────────────────────────────────────────────────────────────────────────────────────────────────

  1 failed
    [chromium] › tests/responsive-ui-navigation.spec.ts:239:9 › Responsive UI and Navigation › URL Routing › invalid URL redirects to menu 
  22 passed (51.7s)

To open last HTML report run:
[36m[39m
[36m  npx playwright show-report[39m
[36m[39m
